21:33:09:352 [ALWAYS]	GUDE Logging Started
21:33:09:353 [INFO]	SqliteResumeCache::SqliteResumeCache basedirectory is null/empty
21:33:09:353 [ERROR]	SqliteResumeCache::CreateSqliteResumeCache creating resume cache pointer failure
21:33:09:353 [ERROR]	Initialize resume cache pointer failure
21:33:09:353 [INFO]	gude policy POLICY_USER limit (2,2,1) chunk 2097152, chunking (UL 0 DL 1), resXfer 1, adapt 0, NSURL 0, timeout 86400 
21:33:09:353 [INFO]	Initialized -- gude-lib version: v0.12.1 app: gude
21:33:11:666 [WARN]	Ignoring attempt to reinit logging to \gude at level 4 retaining 3 days of logs
21:33:11:666 [INFO]	SqliteResumeCache::SqliteResumeCache basedirectory is null/empty
21:33:11:666 [ERROR]	SqliteResumeCache::CreateSqliteResumeCache creating resume cache pointer failure
21:33:11:666 [ERROR]	Initialize resume cache pointer failure
21:33:11:666 [INFO]	gude policy POLICY_USER limit (4,4,1) chunk 2097152, chunking (UL 0 DL 1), resXfer 1, adapt 0, NSURL 1, timeout 86400 
21:33:11:666 [INFO]	Initialized -- gude-lib version: v0.12.1 app: gude
21:33:25:052 [ALWAYS]	GUDE Logging Started
21:33:25:052 [INFO]	SqliteResumeCache::SqliteResumeCache basedirectory is null/empty
21:33:25:052 [ERROR]	SqliteResumeCache::CreateSqliteResumeCache creating resume cache pointer failure
21:33:25:052 [ERROR]	Initialize resume cache pointer failure
21:33:25:052 [INFO]	gude policy POLICY_USER limit (2,2,1) chunk 2097152, chunking (UL 0 DL 1), resXfer 1, adapt 0, NSURL 0, timeout 86400 
21:33:25:052 [INFO]	Initialized -- gude-lib version: v0.12.1 app: gude
21:33:26:311 [WARN]	Ignoring attempt to reinit logging to \gude at level 4 retaining 3 days of logs
21:33:26:311 [INFO]	SqliteResumeCache::SqliteResumeCache basedirectory is null/empty
21:33:26:311 [ERROR]	SqliteResumeCache::CreateSqliteResumeCache creating resume cache pointer failure
21:33:26:311 [ERROR]	Initialize resume cache pointer failure
21:33:26:312 [INFO]	gude policy POLICY_USER limit (4,4,1) chunk 2097152, chunking (UL 0 DL 1), resXfer 1, adapt 0, NSURL 1, timeout 86400 
21:33:26:312 [INFO]	Initialized -- gude-lib version: v0.12.1 app: gude
21:48:50:442 [ALWAYS]	GUDE Logging Started
21:48:50:442 [INFO]	SqliteResumeCache::SqliteResumeCache basedirectory is null/empty
21:48:50:442 [ERROR]	SqliteResumeCache::CreateSqliteResumeCache creating resume cache pointer failure
21:48:50:442 [ERROR]	Initialize resume cache pointer failure
21:48:50:442 [INFO]	gude policy POLICY_USER limit (2,2,1) chunk 2097152, chunking (UL 0 DL 1), resXfer 1, adapt 0, NSURL 0, timeout 86400 
21:48:50:442 [INFO]	Initialized -- gude-lib version: v0.12.1 app: gude
21:48:51:710 [WARN]	Ignoring attempt to reinit logging to \gude at level 4 retaining 3 days of logs
21:48:51:710 [INFO]	SqliteResumeCache::SqliteResumeCache basedirectory is null/empty
21:48:51:710 [ERROR]	SqliteResumeCache::CreateSqliteResumeCache creating resume cache pointer failure
21:48:51:710 [ERROR]	Initialize resume cache pointer failure
21:48:51:710 [INFO]	gude policy POLICY_USER limit (4,4,1) chunk 2097152, chunking (UL 0 DL 1), resXfer 1, adapt 0, NSURL 1, timeout 86400 
21:48:51:711 [INFO]	Initialized -- gude-lib version: v0.12.1 app: gude
22:00:34:408 [ALWAYS]	GUDE Logging Started
22:00:34:408 [INFO]	SqliteResumeCache::SqliteResumeCache basedirectory is null/empty
22:00:34:408 [ERROR]	SqliteResumeCache::CreateSqliteResumeCache creating resume cache pointer failure
22:00:34:408 [ERROR]	Initialize resume cache pointer failure
22:00:34:408 [INFO]	gude policy POLICY_USER limit (2,2,1) chunk 2097152, chunking (UL 0 DL 1), resXfer 1, adapt 0, NSURL 0, timeout 86400 
22:00:34:408 [INFO]	Initialized -- gude-lib version: v0.12.1 app: gude
22:00:35:647 [WARN]	Ignoring attempt to reinit logging to \gude at level 4 retaining 3 days of logs
22:00:35:647 [INFO]	SqliteResumeCache::SqliteResumeCache basedirectory is null/empty
22:00:35:647 [ERROR]	SqliteResumeCache::CreateSqliteResumeCache creating resume cache pointer failure
22:00:35:647 [ERROR]	Initialize resume cache pointer failure
22:00:35:647 [INFO]	gude policy POLICY_USER limit (4,4,1) chunk 2097152, chunking (UL 0 DL 1), resXfer 1, adapt 0, NSURL 1, timeout 86400 
22:00:35:647 [INFO]	Initialized -- gude-lib version: v0.12.1 app: gude
